Ôû▓ Next.js 16.1.6 (Turbopack)
- Environments: .env.local

  Creating an optimized production build ...
Ô£ô Compiled successfully in 11.5s
  Running TypeScript ...
  Collecting page data using 3 workers ...
  Generating static pages using 3 workers (0/24) ...
  Generating static pages using 3 workers (6/24) 
  Generating static pages using 3 workers (12/24) 
  Generating static pages using 3 workers (18/24) 
Ô£ô Generating static pages using 3 workers (24/24) in 5.0s
  Finalizing page optimization ...

Route (app)
Ôöî ãÆ /
Ôö£ ãÆ /_not-found
Ôö£ ãÆ /admin
Ôö£ ãÆ /admin/anime
Ôö£ ãÆ /admin/anime/[id]
Ôö£ ãÆ /admin/drafts
Ôö£ ãÆ /admin/edit/[id]
Ôö£ ãÆ /admin/login
Ôö£ ãÆ /admin/subscribers
Ôö£ ãÆ /airing
Ôö£ ãÆ /anime/[slug]
Ôö£ ãÆ /api/admin/create-anime
Ôö£ ãÆ /api/admin/create-article
Ôö£ ãÆ /api/admin/get-anime
Ôö£ ãÆ /api/admin/get-article
Ôö£ ãÆ /api/admin/import-anime-feeds
Ôö£ ãÆ /api/admin/import-recommendations
Ôö£ ãÆ /api/admin/list-drafts
Ôö£ ãÆ /api/admin/login
Ôö£ ãÆ /api/admin/logout
Ôö£ ãÆ /api/admin/publish
Ôö£ ãÆ /api/admin/save-anime
Ôö£ ãÆ /api/admin/save-article
Ôö£ ãÆ /api/admin/send-release-alerts
Ôö£ ãÆ /api/admin/session
Ôö£ ãÆ /api/ads/consent
Ôö£ ãÆ /api/cron/import-news
Ôö£ ãÆ /api/notifications/subscribe
Ôö£ ãÆ /api/rss/fetch
Ôö£ ãÆ /api/upload/image
Ôö£ ãÆ /article/[slug]
Ôö£ ãÆ /articles
Ôö£ ãÆ /categories
Ôö£ ãÆ /category/[slug]
Ôö£ ãÆ /explore
Ôö£ ãÆ /news
Ôö£ ãÆ /news/[slug]
Ôö£ ãÆ /recommendations
Ôö£ ãÆ /rss/[feed]
Ôö£ ãÆ /search
Ôö£ ãÆ /season
Ôö£ Ôùï /sitemap.xml
Ôö£ ãÆ /tag/[slug]
Ôöö ãÆ /trending


ãÆ Proxy (Middleware)

Ôùï  (Static)   prerendered as static content
ãÆ  (Dynamic)  server-rendered on demand

